$console_output_directory
[1] "rnaSeq/output/preprocess/TEST"

$data_output_directory
[1] "rnaSeq/data/preprocessed/TEST"

$input_directory
[1] "rnaSeq/data/raw/TEST/"

$name_dataset
[1] "TEST"

[1] "TEST.csv"
1[1] "  ...read"
[1] "  ...preprocess"
[1] "  ...export to .csv"
[1] "DONE"
