$console_output_directory
[1] "rnaSeq/output/cluster/sc3/TEST"

$data_output_directory
[1] "rnaSeq/output/cluster/sc3/TEST"

$input_directory
[1] "rnaSeq/data/preprocessed/TEST"

$name_dataset
[1] "TEST"

[1] "preprocessed_1_TEST.csv"
[1] 1
[1] "  ...read"
[1] "  ...plot PCA"
Estimating k...
Setting SC3 parameters...
Your dataset contains more than 2000 cells. Adjusting the nstart parameter of kmeans to 50 for faster performance...
Calculating distances between the cells...
starting worker pid=7164 on localhost:11359 at 17:40:50.091
starting worker pid=7165 on localhost:11359 at 17:40:50.089
starting worker pid=7163 on localhost:11359 at 17:40:50.114
Loading required package: SC3
Loading required package: SC3
Loading required package: SC3
loaded SC3 and set parent environment
Loading required package: foreach
Loading required package: rngtools
loaded SC3 and set parent environment
Loading required package: foreach
Loading required package: rngtools
loaded SC3 and set parent environment
Loading required package: foreach
Loading required package: rngtools
Performing transformations and calculating eigenvectors...
starting worker pid=7737 on localhost:11359 at 17:44:26.467
starting worker pid=7740 on localhost:11359 at 17:44:26.471
starting worker pid=7739 on localhost:11359 at 17:44:26.469
starting worker pid=7736 on localhost:11359 at 17:44:26.479
starting worker pid=7738 on localhost:11359 at 17:44:26.481
starting worker pid=7735 on localhost:11359 at 17:44:26.517
Loading required package: SC3
Loading required package: SC3
Loading required package: SC3
Loading required package: SC3
Loading required package: SC3
Loading required package: SC3
loaded SC3 and set parent environment
Loading required package: foreach
Loading required package: rngtools
loaded SC3 and set parent environment
Loading required package: foreach
Loading required package: rngtools
loaded SC3 and set parent environment
Loading required package: foreach
Loading required package: rngtools
loaded SC3 and set parent environment
Loading required package: foreach
Loading required package: rngtools
loaded SC3 and set parent environment
Loading required package: foreach
Loading required package: rngtools
loaded SC3 and set parent environment
Loading required package: foreach
Loading required package: rngtools
Performing k-means clustering...
starting worker pid=8090 on localhost:11359 at 17:46:51.378
starting worker pid=8100 on localhost:11359 at 17:46:51.376
starting worker pid=8109 on localhost:11359 at 17:46:51.375
starting worker pid=8038 on localhost:11359 at 17:46:51.367
starting worker pid=8042 on localhost:11359 at 17:46:51.365
starting worker pid=8104 on localhost:11359 at 17:46:51.363
starting worker pid=8098 on localhost:11359 at 17:46:51.386
starting worker pid=8103 on localhost:11359 at 17:46:51.388
starting worker pid=8045 on localhost:11359 at 17:46:51.397
starting worker pid=8094 on localhost:11359 at 17:46:51.396
starting worker pid=8102 on localhost:11359 at 17:46:51.394
starting worker pid=8096 on localhost:11359 at 17:46:51.402
starting worker pid=8093 on localhost:11359 at 17:46:51.411
starting worker pid=8037 on localhost:11359 at 17:46:51.410
starting worker pid=8099 on localhost:11359 at 17:46:51.417
starting worker pid=8112 on localhost:11359 at 17:46:51.424
starting worker pid=8040 on localhost:11359 at 17:46:51.426
starting worker pid=8039 on localhost:11359 at 17:46:51.437
starting worker pid=8043 on localhost:11359 at 17:46:51.457
starting worker pid=8044 on localhost:11359 at 17:46:51.461
starting worker pid=8092 on localhost:11359 at 17:46:51.463
starting worker pid=8111 on localhost:11359 at 17:46:51.476
starting worker pid=8101 on localhost:11359 at 17:46:51.498
starting worker pid=8105 on localhost:11359 at 17:46:51.527
starting worker pid=8110 on localhost:11359 at 17:46:51.539
starting worker pid=8095 on localhost:11359 at 17:46:51.536
starting worker pid=8097 on localhost:11359 at 17:46:51.576
starting worker pid=8041 on localhost:11359 at 17:46:51.674
starting worker pid=8108 on localhost:11359 at 17:46:51.678
starting worker pid=8106 on localhost:11359 at 17:46:51.702
starting worker pid=8107 on localhost:11359 at 17:46:51.704
Loading required package: SC3
Loading required package: SC3
Loading required package: SC3
Loading required package: SC3
Loading required package: SC3
Loading required package: SC3
Loading required package: SC3
Loading required package: SC3
Loading required package: SC3
Loading required package: SC3
Loading required package: SC3
Loading required package: SC3
Loading required package: SC3
Loading required package: SC3
Loading required package: SC3
Loading required package: SC3
Loading required package: SC3
Loading required package: SC3
Loading required package: SC3
Loading required package: SC3
Loading required package: SC3
Loading required package: SC3
Loading required package: SC3
Loading required package: SC3
Loading required package: SC3
Loading required package: SC3
Loading required package: SC3
Loading required package: SC3
Loading required package: SC3
Loading required package: SC3
Loading required package: SC3
loaded SC3 and set parent environment
Loading required package: foreach
Loading required package: rngtools
loaded SC3 and set parent environment
Loading required package: foreach
Loading required package: rngtools
loaded SC3 and set parent environment
Loading required package: foreach
Loading required package: rngtools
loaded SC3 and set parent environment
loaded SC3 and set parent environment
Loading required package: foreach
Loading required package: foreach
Loading required package: rngtools
Loading required package: rngtools
loaded SC3 and set parent environment
Loading required package: foreach
Loading required package: rngtools
loaded SC3 and set parent environment
Loading required package: foreach
Loading required package: rngtools
loaded SC3 and set parent environment
Loading required package: foreach
Loading required package: rngtools
loaded SC3 and set parent environment
Loading required package: foreach
Loading required package: rngtools
loaded SC3 and set parent environment
Loading required package: foreach
Loading required package: rngtools
loaded SC3 and set parent environment
Loading required package: foreach
Loading required package: rngtools
loaded SC3 and set parent environment
Loading required package: foreach
Loading required package: rngtools
loaded SC3 and set parent environment
Loading required package: foreach
Loading required package: rngtools
loaded SC3 and set parent environment
Loading required package: foreach
Loading required package: rngtools
loaded SC3 and set parent environment
Loading required package: foreach
Loading required package: rngtools
loaded SC3 and set parent environment
Loading required package: foreach
Loading required package: rngtools
loaded SC3 and set parent environment
Loading required package: foreach
Loading required package: rngtools
loaded SC3 and set parent environment
Loading required package: foreach
Loading required package: rngtools
loaded SC3 and set parent environment
Loading required package: foreach
Loading required package: rngtools
loaded SC3 and set parent environment
Loading required package: foreach
Loading required package: rngtools
loaded SC3 and set parent environment
Loading required package: foreach
Loading required package: rngtools
loaded SC3 and set parent environment
Loading required package: foreach
Loading required package: rngtools
loaded SC3 and set parent environment
Loading required package: foreach
Loading required package: rngtools
loaded SC3 and set parent environment
Loading required package: foreach
Loading required package: rngtools
loaded SC3 and set parent environment
Loading required package: foreach
Loading required package: rngtools
loaded SC3 and set parent environment
Loading required package: foreach
Loading required package: rngtools
loaded SC3 and set parent environment
Loading required package: foreach
Loading required package: rngtools
loaded SC3 and set parent environment
Loading required package: foreach
Loading required package: rngtools
loaded SC3 and set parent environment
Loading required package: foreach
Loading required package: rngtools
loaded SC3 and set parent environment
Loading required package: foreach
Loading required package: rngtools
loaded SC3 and set parent environment
Loading required package: foreach
Loading required package: rngtools
  |                                                                              |                                                                      |   0%  |                                                                              |=                                                                     |   1%  |                                                                              |==                                                                    |   2%  |                                                                              |==                                                                    |   3%  |                                                                              |===                                                                   |   4%  |                                                                              |====                                                                  |   6%  |                                                                              |=====                                                                 |   7%  |                                                                              |======                                                                |   8%  |                                                                              |======                                                                |   9%  |                                                                              |=======                                                               |  10%  |                                                                              |========                                                              |  11%  |                                                                              |=========                                                             |  12%  |                                                                              |=========                                                             |  13%  |                                                                              |==========                                                            |  15%  |                                                                              |===========                                                           |  16%  |                                                                              |============                                                          |  17%  |                                                                              |=============                                                         |  18%  |                                                                              |=============                                                         |  19%  |                                                                              |==============                                                        |  20%  |                                                                              |===============                                                       |  21%  |                                                                              |================                                                      |  22%  |                                                                              |=================                                                     |  24%  |                                                                              |=================                                                     |  25%  |                                                                              |==================                                                    |  26%  |                                                                              |===================                                                   |  27%  |                                                                              |====================                                                  |  28%  |                                                                              |====================                                                  |  29%  |                                                                              |=====================                                                 |  30%  |                                                                              |======================                                                |  31%  |                                                                              |=======================                                               |  33%  |                                                                              |========================                                              |  34%  |                                                                              |========================                                              |  35%  |                                                                              |=========================                                             |  36%  |                                                                              |==========================                                            |  37%  |                                                                              |===========================                                           |  38%  |                                                                              |============================                                          |  39%  |                                                                              |============================                                          |  40%  |                                                                              |=============================                                         |  42%  |                                                                              |==============================                                        |  43%  |                                                                              |===============================                                       |  44%  |                                                                              |===============================                                       |  45%  |                                                                              |================================                                      |  46%  |                                                                              |=================================                                     |  47%  |                                                                              |==================================                                    |  48%  |                                                                              |===================================                                   |  49%  |                                                                              |===================================                                   |  51%  |                                                                              |====================================                                  |  52%  |                                                                              |=====================================                                 |  53%  |                                                                              |======================================                                |  54%  |                                                                              |=======================================                               |  55%  |                                                                              |=======================================                               |  56%  |                                                                              |========================================                              |  57%  |                                                                              |=========================================                             |  58%  |                                                                              |==========================================                            |  60%  |                                                                              |==========================================                            |  61%  |                                                                              |===========================================                           |  62%  |                                                                              |============================================                          |  63%  |                                                                              |=============================================                         |  64%  |                                                                              |==============================================                        |  65%  |                                                                              |==============================================                        |  66%  |                                                                              |===============================================                       |  67%  |                                                                              |================================================                      |  69%  |                                                                              |=================================================                     |  70%  |                                                                              |==================================================                    |  71%  |                                                                              |==================================================                    |  72%  |                                                                              |===================================================                   |  73%  |                                                                              |====================================================                  |  74%  |                                                                              |=====================================================                 |  75%  |                                                                              |=====================================================                 |  76%  |                                                                              |======================================================                |  78%  |                                                                              |=======================================================               |  79%  |                                                                              |========================================================              |  80%  |                                                                              |=========================================================             |  81%  |                                                                              |=========================================================             |  82%  |                                                                              |==========================================================            |  83%  |                                                                              |===========================================================           |  84%  |                                                                              |============================================================          |  85%  |                                                                              |=============================================================         |  87%  |                                                                              |=============================================================         |  88%  |                                                                              |==============================================================        |  89%  |                                                                              |===============================================================       |  90%  |                                                                              |================================================================      |  91%  |                                                                              |================================================================      |  92%  |                                                                              |=================================================================     |  93%  |                                                                              |==================================================================    |  94%  |                                                                              |===================================================================   |  96%  |                                                                              |====================================================================  |  97%  |                                                                              |====================================================================  |  98%  |                                                                              |===================================================================== |  99%  |                                                                              |======================================================================| 100%
Calculating consensus matrix...
starting worker pid=11903 on localhost:11359 at 18:15:59.025
Loading required package: SC3
loaded SC3 and set parent environment
Loading required package: foreach
Loading required package: rngtools
[1] "  ...export to .csv"
Warning message:
In rm(p_data) : object 'p_data' not found
[1] "DONE"
