$cluster_input_directory
[1] "rnaSeq/output/cluster/seurat/TEST/"

$name_dataset
[1] "TEST"

$output_directory
[1] "rnaSeq/output/visualize/tSNE+PCA/seurat/TEST"

$preprocessed_input_directory
[1] "rnaSeq/data/preprocessed/TEST/"

$trueCluster_input_directory
[1] "rnaSeq/data/raw/TEST/"

[1] "preprocessed_1_TEST.csv"
[1] "Levels_TEST.xlsx"
[1] "clustersSeurat_1_TEST.csv"
[1] 1
[1] "  ...read"
[1] "  ...plot tSNE+PCA colour"
[1] "  ...plot tSNE+PCA black and white"
Error in FUN(X[[i]], ...) : object 'Method' not found
Calls: save_plot ... <Anonymous> -> f -> scales_add_defaults -> lapply -> FUN
Execution halted
